     1                                  ; Define the text section, which contains the code
     2                                  section .txt   ; Start of code section
     3                                  	org 100h    ; Set the origin to address 100h (for COM files, typical start)
     4                                  
     5                                  start:
     6                                  	; Print the first character from the 'farray'
     7 00000000 B402                    	mov ah, 2           ; AH = 2, select the DOS interrupt function to display a character
     8 00000002 BA[0000]                	mov dx, farray      ; Load the address of 'farray' into DX
     9 00000005 CD21                    	int 21h             ; Call DOS interrupt to print the character
    10                                  
    11                                  	; Print the '$' character (ASCII 36) which signals the end of a string in DOS
    12 00000007 B402                    	mov ah, 2           ; AH = 2, select the DOS interrupt function to display a character
    13 00000009 BA2400                  	mov dx, 36          ; Load the '$' symbol into DX
    14 0000000C CD21                    	int 21h             ; Call DOS interrupt to display '$'
    15                                  
    16                                  	; Print the '1' character (ASCII 1)
    17 0000000E B402                    	mov ah, 2           ; AH = 2, select the DOS interrupt function to display a character
    18 00000010 BA0100                  	mov dx, 1           ; Load the character value '1' (non-printable) into DX
    19 00000013 CD21                    	int 21h             ; Call DOS interrupt to print the character
    20                                  
    21                                  	; Exit the program and return control to DOS
    22 00000015 B8004C                  	mov ax, 4c00h       ; AX = 4C00h, DOS interrupt function to terminate program
    23 00000018 CD21                    	int 21h             ; Call DOS interrupt to terminate
    24                                  
    25                                  ; Define the data section, which contains initialized data
    26                                  section .data   ; Start of initialized data section
    27                                  
    28                                  	; Declare an array of 5 bytes with specific values
    29 00000000 03050C0085              	farray db 3, 5, 12, 0, 133   ; Initialize the 'farray' with the values 3, 5, 12, 0, 133
    30                                  
    31                                  	; Declare a sequence of 4 bytes with the value 74, followed by one byte with the value 36
    32 00000005 4A<rep 4h>              	sarray TIMES 4 db 74          ; Define 4 bytes initialized with the value 74
    33 00000009 24                      			db 36              ; Define one more byte initialized with the value 36
